Flow report for DAC
Wed Sep 16 14:46:16 2026
Quartus Prime Version 16.1.0 Build 196 10/24/2016 SJ Lite Edition


---------------------
; Table of Contents ;
---------------------
  1. Legal Notice
  2. Flow Summary
  3. Flow Settings
  4. Flow Non-Default Global Settings
  5. Flow Elapsed Time
  6. Flow OS Summary
  7. Flow Log
  8. Flow Messages
  9. Flow Suppressed Messages



----------------
; Legal Notice ;
----------------
Copyright (C) 2016  Intel Corporation. All rights reserved.
Your use of Intel Corporation's design tools, logic functions 
and other software and tools, and its AMPP partner logic 
functions, and any output files from any of the foregoing 
(including device programming or simulation files), and any 
associated documentation or information are expressly subject 
to the terms and conditions of the Intel Program License 
Subscription Agreement, the Intel Quartus Prime License Agreement,
the Intel MegaCore Function License Agreement, or other 
applicable license agreement, including, without limitation, 
that your use is for the sole purpose of programming logic 
devices manufactured by Intel and sold by Intel or its 
authorized distributors.  Please refer to the applicable 
agreement for further details.



+----------------------------------------------------------------------------------+
; Flow Summary                                                                     ;
+------------------------------------+---------------------------------------------+
; Flow Status                        ; Successful - Wed Sep 16 14:46:16 2026       ;
; Quartus Prime Version              ; 16.1.0 Build 196 10/24/2016 SJ Lite Edition ;
; Revision Name                      ; DAC                                         ;
; Top-level Entity Name              ; dac60501_uart_top                           ;
; Family                             ; MAX 10                                      ;
; Device                             ; 10M08SCE144C8G                              ;
; Timing Models                      ; Final                                       ;
; Total logic elements               ; 222 / 8,064 ( 3 % )                         ;
;     Total combinational functions  ; 221 / 8,064 ( 3 % )                         ;
;     Dedicated logic registers      ; 127 / 8,064 ( 2 % )                         ;
; Total registers                    ; 127                                         ;
; Total pins                         ; 6 / 101 ( 6 % )                             ;
; Total virtual pins                 ; 0                                           ;
; Total memory bits                  ; 0 / 387,072 ( 0 % )                         ;
; Embedded Multiplier 9-bit elements ; 0 / 48 ( 0 % )                              ;
; Total PLLs                         ; 0 / 1 ( 0 % )                               ;
; UFM blocks                         ; 0 / 1 ( 0 % )                               ;
; ADC blocks                         ; 0                                           ;
+------------------------------------+---------------------------------------------+


+-----------------------------------------+
; Flow Settings                           ;
+-------------------+---------------------+
; Option            ; Setting             ;
+-------------------+---------------------+
; Start date & time ; 09/16/2026 14:45:41 ;
; Main task         ; Compilation         ;
; Revision Name     ; DAC                 ;
+-------------------+---------------------+


+-----------------------------------------------------------------------------------------------------------------------------------+
; Flow Non-Default Global Settings                                                                                                  ;
+-------------------------------------+----------------------------------------+---------------+-------------------+----------------+
; Assignment Name                     ; Value                                  ; Default Value ; Entity Name       ; Section Id     ;
+-------------------------------------+----------------------------------------+---------------+-------------------+----------------+
; COMPILER_SIGNATURE_ID               ; 2546055433756.178954114130952          ; --            ; --                ; --             ;
; EDA_OUTPUT_DATA_FORMAT              ; Verilog Hdl                            ; --            ; --                ; eda_simulation ;
; EDA_SIMULATION_TOOL                 ; ModelSim (Verilog)                     ; <None>        ; --                ; --             ;
; EDA_TIME_SCALE                      ; 1 ps                                   ; --            ; --                ; eda_simulation ;
; FLOW_ENABLE_POWER_ANALYZER          ; On                                     ; Off           ; --                ; --             ;
; MAX_CORE_JUNCTION_TEMP              ; 85                                     ; --            ; --                ; --             ;
; MIN_CORE_JUNCTION_TEMP              ; 0                                      ; --            ; --                ; --             ;
; PARTITION_COLOR                     ; -- (Not supported for targeted family) ; --            ; dac60501_uart_top ; Top            ;
; PARTITION_FITTER_PRESERVATION_LEVEL ; -- (Not supported for targeted family) ; --            ; dac60501_uart_top ; Top            ;
; PARTITION_NETLIST_TYPE              ; -- (Not supported for targeted family) ; --            ; dac60501_uart_top ; Top            ;
; POWER_BOARD_THERMAL_MODEL           ; None (CONSERVATIVE)                    ; --            ; --                ; --             ;
; POWER_DEFAULT_INPUT_IO_TOGGLE_RATE  ; 12.5 %                                 ; 12.5%         ; --                ; --             ;
; POWER_PRESET_COOLING_SOLUTION       ; 23 MM HEAT SINK WITH 200 LFPM AIRFLOW  ; --            ; --                ; --             ;
; PROJECT_OUTPUT_DIRECTORY            ; output_files                           ; --            ; --                ; --             ;
; TOP_LEVEL_ENTITY                    ; dac60501_uart_top                      ; DAC           ; --                ; --             ;
+-------------------------------------+----------------------------------------+---------------+-------------------+----------------+


+-------------------------------------------------------------------------------------------------------------------------------+
; Flow Elapsed Time                                                                                                             ;
+---------------------------+--------------+-------------------------+---------------------+------------------------------------+
; Module Name               ; Elapsed Time ; Average Processors Used ; Peak Virtual Memory ; Total CPU Time (on all processors) ;
+---------------------------+--------------+-------------------------+---------------------+------------------------------------+
; Analysis & Synthesis      ; 00:00:12     ; 1.0                     ; 4807 MB             ; 00:00:23                           ;
; Fitter                    ; 00:00:07     ; 1.2                     ; 5828 MB             ; 00:00:10                           ;
; Assembler                 ; 00:00:01     ; 1.0                     ; 4674 MB             ; 00:00:01                           ;
; PowerPlay Power Analyzer  ; 00:00:02     ; 1.1                     ; 4875 MB             ; 00:00:03                           ;
; TimeQuest Timing Analyzer ; 00:00:03     ; 1.2                     ; 4826 MB             ; 00:00:04                           ;
; EDA Netlist Writer        ; 00:00:01     ; 1.0                     ; 4641 MB             ; 00:00:01                           ;
; Total                     ; 00:00:26     ; --                      ; --                  ; 00:00:42                           ;
+---------------------------+--------------+-------------------------+---------------------+------------------------------------+


+-----------------------------------------------------------------------------------------+
; Flow OS Summary                                                                         ;
+---------------------------+------------------+------------+------------+----------------+
; Module Name               ; Machine Hostname ; OS Name    ; OS Version ; Processor type ;
+---------------------------+------------------+------------+------------+----------------+
; Analysis & Synthesis      ; Eileen-hotpot    ; Windows 10 ; 10.0       ; x86_64         ;
; Fitter                    ; Eileen-hotpot    ; Windows 10 ; 10.0       ; x86_64         ;
; Assembler                 ; Eileen-hotpot    ; Windows 10 ; 10.0       ; x86_64         ;
; PowerPlay Power Analyzer  ; Eileen-hotpot    ; Windows 10 ; 10.0       ; x86_64         ;
; TimeQuest Timing Analyzer ; Eileen-hotpot    ; Windows 10 ; 10.0       ; x86_64         ;
; EDA Netlist Writer        ; Eileen-hotpot    ; Windows 10 ; 10.0       ; x86_64         ;
+---------------------------+------------------+------------+------------+----------------+


------------
; Flow Log ;
------------
quartus_map --read_settings_files=on --write_settings_files=off DAC -c DAC
quartus_fit --read_settings_files=off --write_settings_files=off DAC -c DAC
quartus_asm --read_settings_files=off --write_settings_files=off DAC -c DAC
quartus_pow --read_settings_files=off --write_settings_files=off DAC -c DAC
quartus_sta DAC -c DAC
quartus_eda --read_settings_files=off --write_settings_files=off DAC -c DAC



